[    1091ms] [ERROR] Failed to load resource: the server responded with a status of 404 () @ https://vercel.com/account/integrations:0
[    1168ms] [WARNING] iso_swr: SSR fetch failed for "/v1/dashboard/projects/~?teamId=abhishek572021-9716" {error: iso_swr_fetch_error, message: Project not found} @ https://vercel.com/account/integrations:0
[    1353ms] [LOG] %c
▲

    ________   _ __ _          ____           __
   /  _/ __/  (_) /( )_____   / __/___ ______/ /_
   / // /_   / / __/// ___/  / /_/ __ `/ ___/ __/
 _/ // __/  / / /_  (__  )  / __/ /_/ (__  ) /_
/___/_/    /_/\__/ /____/  /_/  \__,_/____/\__/
    _ __ _                         _    __                    __
   (_) /( )_____   ____  ____     | |  / /__  _____________  / /
  / / __/// ___/  / __ \/ __ \    | | / / _ \/ ___/ ___/ _ \/ /
 / / /_  (__  )  / /_/ / / / /    | |/ /  __/ /  / /__/  __/ /
/_/\__/ /____/   \____/_/ /_/     |___/\___/_/   \___/\___/_/
  

Hello!

- Open Source https://vercel.com/oss
- Careers https://vercel.com/careers
- Status https://vercel-status.com

 font-family: "Geist Mono", monospace; white-space: pre; line-height: 1; @ https://vercel.com/_next/static/chunks/2g0axoh_w9yfh.js?dpl=dpl_CeQVqkShYwugAeekgZqrDsg44Awb:78
[    1782ms] [WARNING] iso_swr: SSR fetch failed for "/api/v9/projects/~?latestDeployments=0&rollbackInfo=true&teamId=abhishek572021-9716" {error: iso_swr_fetch_error, message: Project not found.} @ https://vercel.com/account/integrations:17784
[    1783ms] [WARNING] iso_swr: SSR fetch failed for "/api/v2/teams/abhishek572021-9716" {error: iso_swr_fetch_error, message: Team not found by the given slug/id} @ https://vercel.com/account/integrations:17784
[    2155ms] [WARNING] iso_swr[warn] [client] fallback error for key: "/api/v2/teams/abhishek572021-9716" {error: iso_swr_fetch_error, message: Team not found by the given slug/id} @ https://vercel.com/_next/static/chunks/2rm6wwedjla4q.js?dpl=dpl_CeQVqkShYwugAeekgZqrDsg44Awb:11
[    2177ms] [WARNING] iso_swr[warn] [client] fallback error for key: "/v1/dashboard/projects/~?teamId=abhishek572021-9716" {error: iso_swr_fetch_error, message: Project not found} @ https://vercel.com/_next/static/chunks/2rm6wwedjla4q.js?dpl=dpl_CeQVqkShYwugAeekgZqrDsg44Awb:11
[    2242ms] [WARNING] iso_swr[warn] [client] fallback error for key: "/api/v9/projects/~?latestDeployments=0&rollbackInfo=true&teamId=abhishek572021-9716" {error: iso_swr_fetch_error, message: Project not found.} @ https://vercel.com/_next/static/chunks/2rm6wwedjla4q.js?dpl=dpl_CeQVqkShYwugAeekgZqrDsg44Awb:11
[    2373ms] [WARNING] iso_swr[warn] [client] fallback error for key: "/api/v2/teams/abhishek572021-9716" {error: iso_swr_fetch_error, message: Team not found by the given slug/id} @ https://vercel.com/_next/static/chunks/2rm6wwedjla4q.js?dpl=dpl_CeQVqkShYwugAeekgZqrDsg44Awb:11
[    2376ms] [WARNING] iso_swr[warn] [client] fallback error for key: "/v1/dashboard/projects/~?teamId=abhishek572021-9716" {error: iso_swr_fetch_error, message: Project not found} @ https://vercel.com/_next/static/chunks/2rm6wwedjla4q.js?dpl=dpl_CeQVqkShYwugAeekgZqrDsg44Awb:11
[    2386ms] [WARNING] iso_swr[warn] [client] fallback error for key: "/api/v9/projects/~?latestDeployments=0&rollbackInfo=true&teamId=abhishek572021-9716" {error: iso_swr_fetch_error, message: Project not found.} @ https://vercel.com/_next/static/chunks/2rm6wwedjla4q.js?dpl=dpl_CeQVqkShYwugAeekgZqrDsg44Awb:11
[    2480ms] [ERROR] Loading the font 'https://k2mkucxia43oc7fa.public.blob.vercel-storage.com/front/fonts/space-mono/space-mono-v11-latin-regular.woff2' violates the following Content Security Policy directive: "font-src 'self' *.vercel.com *.gstatic.com vercel.live". The action has been blocked. @ https://vercel.com/_next/static/chunks/16hzw5vqsjl_k.js?dpl=dpl_CeQVqkShYwugAeekgZqrDsg44Awb:1
[    2680ms] [WARNING] Deprecated API for given entry type. @ https://vercel.com/_next/static/chunks/1a7e-ig7xwiza.js?dpl=dpl_CeQVqkShYwugAeekgZqrDsg44Awb:18
[    2792ms] [ERROR] Failed to load resource: the server responded with a status of 404 () @ https://vercel.com/api/v1/dashboard/projects/~?teamId=abhishek572021-9716:0
[    3530ms] [ERROR] Failed to load resource: the server responded with a status of 404 () @ https://vercel.com/api/user/permissions?projectIdOrName=%7E&slug=abhishek572021-9716:0
[    6667ms] [WARNING] The resource https://vercel.com/_next/static/chunks/3d792zqltro0t.css?dpl=dpl_CeQVqkShYwugAeekgZqrDsg44Awb was preloaded using link preload but not used within a few seconds from the window's load event. Please make sure it has an appropriate `as` value and it is preloaded intentionally. @ https://vercel.com/account/integrations:0
[    6667ms] [WARNING] The resource https://vercel.com/_next/static/chunks/17p90nyqj1xac.css?dpl=dpl_CeQVqkShYwugAeekgZqrDsg44Awb was preloaded using link preload but not used within a few seconds from the window's load event. Please make sure it has an appropriate `as` value and it is preloaded intentionally. @ https://vercel.com/account/integrations:0
[    8172ms] [ERROR] Failed to load resource: the server responded with a status of 404 () @ https://vercel.com/api/v1/dashboard/projects/~?teamId=abhishek572021-9716:0
[    8257ms] [ERROR] Failed to load resource: the server responded with a status of 403 () @ https://vercel.com/api/v2/teams/dashboard:0
[    8259ms] [LOG] Ignored request error CustomFetchError: Not authorized
    at d (https://vercel.com/_next/static/chunks/3dh45_sl3ltmc.js?dpl=dpl_CeQVqkShYwugAeekgZqrDsg44Awb:2:22503)
    at async https://vercel.com/_next/static/chunks/3cw6-g09c0h8j.js?dpl=dpl_CeQVqkShYwugAeekgZqrDsg44Awb:2:15381 @ https://vercel.com/_next/static/chunks/1a7e-ig7xwiza.js?dpl=dpl_CeQVqkShYwugAeekgZqrDsg44Awb:16
