[     325ms] [ERROR] Loading the font 'https://k2mkucxia43oc7fa.public.blob.vercel-storage.com/front/fonts/space-mono/space-mono-v11-latin-regular.woff2' violates the following Content Security Policy directive: "font-src 'self' *.vercel.com *.gstatic.com vercel.live". The action has been blocked. @ https://vercel.com/new:0
[     464ms] [LOG] %c
▲

 _____ _              _                    _   _             __
|_   _| |__   ___    / \   __ _  ___ _ __ | |_(_) ___       / /
  | | | '_ \ / _ \  / _ \ / _` |/ _ \ '_ \| __| |/ __|     / /
  | | | | | |  __/ / ___ \ (_| |  __/ | | | |_| | (__     /_/
  |_| |_| |_|\___|/_/   \_\__, |\___|_| |_|\__|_|\___|    (_)
                           |___/
 ___        __               _                   _                 _
|_ _|_ __  / _|_ __ __ _ ___| |_ _ __ _   _  ___| |_ _   _ _ __ ___
 | || '_ \| |_| '__/ _` / __| __| '__| | | |/ __| __| | | | '__/ _ \
 | || | | |  _| | | (_| \__ \ |_| |  | |_| | (__| |_| |_| | | |  __/
|___|_| |_|_| |_|  \__,_|___/\__|_|   \__,_|\___|\__|\__,_|_|  \___|
  

Hello!

- Open Source https://vercel.com/oss
- Careers https://vercel.com/careers
- Status https://vercel-status.com

 font-family: "Geist Mono", monospace; white-space: pre; line-height: 1; @ https://vercel.com/_next/static/chunks/2g0axoh_w9yfh.js?dpl=dpl_CeQVqkShYwugAeekgZqrDsg44Awb:78
[    2125ms] [ERROR] Failed to load resource: the server responded with a status of 403 () @ https://vercel.com/api/jwt:0
[    2414ms] [WARNING] Deprecated API for given entry type. @ https://vercel.com/_next/static/chunks/1a7e-ig7xwiza.js?dpl=dpl_CeQVqkShYwugAeekgZqrDsg44Awb:18
[    5996ms] [WARNING] The resource https://vercel.com/_next/static/media/ebay-light.3ft_ki8203ov0.svg?dpl=dpl_CeQVqkShYwugAeekgZqrDsg44Awb was preloaded using link preload but not used within a few seconds from the window's load event. Please make sure it has an appropriate `as` value and it is preloaded intentionally. @ https://vercel.com/new:0
[    5996ms] [WARNING] The resource https://vercel.com/_next/static/media/ebay-dark.34mho2a18qqlt.svg?dpl=dpl_CeQVqkShYwugAeekgZqrDsg44Awb was preloaded using link preload but not used within a few seconds from the window's load event. Please make sure it has an appropriate `as` value and it is preloaded intentionally. @ https://vercel.com/new:0
[    5996ms] [WARNING] The resource https://vercel.com/_next/static/media/stripe-dark.16ozjth2vgb_3.svg?dpl=dpl_CeQVqkShYwugAeekgZqrDsg44Awb was preloaded using link preload but not used within a few seconds from the window's load event. Please make sure it has an appropriate `as` value and it is preloaded intentionally. @ https://vercel.com/new:0
[    5996ms] [WARNING] The resource https://vercel.com/_next/static/chunks/0abkm_6n_8bff.css?dpl=dpl_CeQVqkShYwugAeekgZqrDsg44Awb was preloaded using link preload but not used within a few seconds from the window's load event. Please make sure it has an appropriate `as` value and it is preloaded intentionally. @ https://vercel.com/new:0
[    5996ms] [WARNING] The resource https://vercel.com/_next/static/media/stripe-light.2l_1jctpe6k_4.svg?dpl=dpl_CeQVqkShYwugAeekgZqrDsg44Awb was preloaded using link preload but not used within a few seconds from the window's load event. Please make sure it has an appropriate `as` value and it is preloaded intentionally. @ https://vercel.com/new:0
[    5996ms] [WARNING] The resource https://vercel.com/_next/static/media/adobe-light.406_7oryl71va.svg?dpl=dpl_CeQVqkShYwugAeekgZqrDsg44Awb was preloaded using link preload but not used within a few seconds from the window's load event. Please make sure it has an appropriate `as` value and it is preloaded intentionally. @ https://vercel.com/new:0
[    5996ms] [WARNING] The resource https://vercel.com/_next/static/chunks/2aaop311sjbhb.css?dpl=dpl_CeQVqkShYwugAeekgZqrDsg44Awb was preloaded using link preload but not used within a few seconds from the window's load event. Please make sure it has an appropriate `as` value and it is preloaded intentionally. @ https://vercel.com/new:0
[    5996ms] [WARNING] The resource https://vercel.com/_next/static/chunks/0028m5urs0vas.css?dpl=dpl_CeQVqkShYwugAeekgZqrDsg44Awb was preloaded using link preload but not used within a few seconds from the window's load event. Please make sure it has an appropriate `as` value and it is preloaded intentionally. @ https://vercel.com/new:0
[    5996ms] [WARNING] The resource https://vercel.com/_next/static/chunks/3zh4ff4r2p8nj.css?dpl=dpl_CeQVqkShYwugAeekgZqrDsg44Awb was preloaded using link preload but not used within a few seconds from the window's load event. Please make sure it has an appropriate `as` value and it is preloaded intentionally. @ https://vercel.com/new:0
[    9794ms] [WARNING] [GSI_LOGGER]: Your client application uses one of the Google One Tap prompt UI status methods that may stop functioning when FedCM becomes mandatory. Refer to the migration guide to update your code accordingly and opt-in to FedCM to test your changes. Learn more: https://developers.google.com/identity/gsi/web/guides/fedcm-migration?s=dc#display_moment and https://developers.google.com/identity/gsi/web/guides/fedcm-migration?s=dc#skipped_moment @ https://vercel.com/_next/static/chunks/1a7e-ig7xwiza.js?dpl=dpl_CeQVqkShYwugAeekgZqrDsg44Awb:16
[    9802ms] [ERROR] Not signed in with the identity provider. @ https://vercel.com/login?next=%2Fnew:0
[   10288ms] [ERROR] [GSI_LOGGER]: FedCM get() rejects with NetworkError: Error retrieving a token. @ https://vercel.com/_next/static/chunks/101r2c7j6i-hl.js?dpl=dpl_CeQVqkShYwugAeekgZqrDsg44Awb:1
[   10324ms] [ERROR] Failed to load resource: the server responded with a status of 429 () @ https://o205439.ingest.sentry.io/api/1323670/envelope/?sentry_key=d00780d432ac4ccf882f60dd02062e14&sentry_version=7&sentry_client=sentry.javascript.browser%2F7.111.0:0
[   12158ms] [VERBOSE] [DOM] Password field is not contained in a form: (More info: https://goo.gl/9p2vKq) %o @ https://accounts.google.com/v3/signin/identifier?opparams=%253F&dsh=S824296189%3A1779209466623546&client_id=258013614557-nema0dumfbottebi6to7aqi85qot9pvs.apps.googleusercontent.com&o2v=2&redirect_uri=https%3A%2F%2Fvercel.com%2Fapi%2Fregistration%2Fgoogle%2Fcallback&response_type=code&scope=openid+profile+email&service=lso&state=0dfe59ca6c5c80fa77669450addae46f2f061e8569cf9615e47b8785ca798d4fec3c41d7820589228e8a44b6800d36748e639a45b2eb5270ef9dda052f959ad3564511f9565104a4f87d6ebc24cc4007a322b867652ec93ba6f94dd6a01dbbe273169a4e20fdb47c24d5be7e298b695cd7e78a82dd9a3ad7dfd696cca27baf83e15558b19887ed31700e579d726cf918709af283a709a42e7aee6315258d66e393ff523969bf0e8f59b37f26c03977fbb23d115c6836b4f239b04b61db74403c543f076281715f487fbb09ceefa55e85c9c291fbcda59038b0e13cbd8c415ad2927a5855604863e103767921ba90b995d771b793136c7eb26dfd5a8e64d6&flowName=GeneralOAuthFlow&continue=https%3A%2F%2Faccounts.google.com%2Fsignin%2Foauth%2Fconsent%3Fauthuser%3Dunknown%26part%3DAJi8hAOhlQB2qqDpqtusc3XKZYMGHZRmEIiYSsvm6vpjCzpqjdAnYIfx1LJfgOdSCljAvea3x4QH4hQlBdJuMgPXqSn8ACQM8V29kt1dEq7HG402RCnk6HwqQVPZ0OXXoMY2jwDJV2Ozo8TKsUrFVvwQdtogJ92puoXJurs8WcEpgRJILYLU3q-P4BfumgBPyq2iulIMnhslp5VM4LKvuiGKpb-OPd1He11iBT5iDzUpfImq1co4CC6nKvhc5vGcTzMUmGOQb0aLMOh7A-Lp3P0pBNjJF2z0DFx3ydx_Jigrgh65JErmKH8hIVf3hW2PxsdB3AM9Q6TDFspYiSkTy4HGXbyYO0V3eSdBYlgqmxu1jPJJJyJNINUXUMHkvwJXwr9fkKlsXRCeMXlHjHNXs3L7REDxwgiwDbGhw_z51A6VsB9Pc2col-77cgzeBPv26TVxZd_H_pAGURabXek5z_gJggaTHfVLvg%26flowName%3DGeneralOAuthFlow%26as%3DS824296189%253A1779209466623546%26client_id%3D258013614557-nema0dumfbottebi6to7aqi85qot9pvs.apps.googleusercontent.com%26requestPath%3D%252Fsignin%252Foauth%252Fconsent%23&app_domain=https%3A%2F%2Fvercel.com&rart=ANgoxce63jtzW9H17t5ASp8a3yyFFdk9cRzmWN-KTfHnoxNSun46ACJxuabdwuIvMlF_I94B-HoN1CcqKhoa4ttiDtpBMh8BMZNJi49pCOs120Cr2bCX7P8:0
[   12172ms] [LOG] %c%s color: red; background: yellow; font-size: 24px; WARNING! @ https://www.gstatic.com/_/mss/boq-identity/_/js/k=boq-identity.AccountsSignInUi.en_US.alsf3k9Xrdw.es5.O/am=iW8AAACEQhQhA4D__38DAAggiA74ngVoAoQMAAAAAAAAAABYAgAAjQ/d=1/excm=_b,_tp,identifierview/ed=1/dg=0/wt=2/ujg=1/rs=AOaEmlE9idcfcp2CLGwKh2MoCbL3NJbPTw/dti=1/m=_b,_tp:545
[   12172ms] [LOG] %c%s font-size: 18px; Using this console may allow attackers to impersonate you and steal your information using an attack called Self-XSS.
Do not enter or paste code that you do not understand. @ https://www.gstatic.com/_/mss/boq-identity/_/js/k=boq-identity.AccountsSignInUi.en_US.alsf3k9Xrdw.es5.O/am=iW8AAACEQhQhA4D__38DAAggiA74ngVoAoQMAAAAAAAAAABYAgAAjQ/d=1/excm=_b,_tp,identifierview/ed=1/dg=0/wt=2/ujg=1/rs=AOaEmlE9idcfcp2CLGwKh2MoCbL3NJbPTw/dti=1/m=_b,_tp:545
[   21531ms] [VERBOSE] [DOM] Password field is not contained in a form: (More info: https://goo.gl/9p2vKq) %o @ https://accounts.google.com/v3/signin/challenge/pwd?TL=APouJz4qUkR6zIbpfB5nPN07X1qBltrCstDiBqk-vKYUscTFCyLVCJ_KFegbRiEC&app_domain=https%3A%2F%2Fvercel.com&checkConnection=youtube%3A145&checkedDomains=youtube&cid=3&client_id=258013614557-nema0dumfbottebi6to7aqi85qot9pvs.apps.googleusercontent.com&continue=https%3A%2F%2Faccounts.google.com%2Fsignin%2Foauth%2Fconsent%3Fauthuser%3Dunknown%26part%3DAJi8hAOhlQB2qqDpqtusc3XKZYMGHZRmEIiYSsvm6vpjCzpqjdAnYIfx1LJfgOdSCljAvea3x4QH4hQlBdJuMgPXqSn8ACQM8V29kt1dEq7HG402RCnk6HwqQVPZ0OXXoMY2jwDJV2Ozo8TKsUrFVvwQdtogJ92puoXJurs8WcEpgRJILYLU3q-P4BfumgBPyq2iulIMnhslp5VM4LKvuiGKpb-OPd1He11iBT5iDzUpfImq1co4CC6nKvhc5vGcTzMUmGOQb0aLMOh7A-Lp3P0pBNjJF2z0DFx3ydx_Jigrgh65JErmKH8hIVf3hW2PxsdB3AM9Q6TDFspYiSkTy4HGXbyYO0V3eSdBYlgqmxu1jPJJJyJNINUXUMHkvwJXwr9fkKlsXRCeMXlHjHNXs3L7REDxwgiwDbGhw_z51A6VsB9Pc2col-77cgzeBPv26TVxZd_H_pAGURabXek5z_gJggaTHfVLvg%26flowName%3DGeneralOAuthFlow%26as%3DS824296189%253A1779209466623546%26client_id%3D258013614557-nema0dumfbottebi6to7aqi85qot9pvs.apps.googleusercontent.com%26requestPath%3D%252Fsignin%252Foauth%252Fconsent%23&dsh=S824296189%3A1779209466623546&flowName=GeneralOAuthFlow&o2v=2&opparams=%253F&pstMsg=1&rart=ANgoxce63jtzW9H17t5ASp8a3yyFFdk9cRzmWN-KTfHnoxNSun46ACJxuabdwuIvMlF_I94B-HoN1CcqKhoa4ttiDtpBMh8BMZNJi49pCOs120Cr2bCX7P8&redirect_uri=https%3A%2F%2Fvercel.com%2Fapi%2Fregistration%2Fgoogle%2Fcallback&response_type=code&scope=openid%20profile%20email&service=lso&state=0dfe59ca6c5c80fa77669450addae46f2f061e8569cf9615e47b8785ca798d4fec3c41d7820589228e8a44b6800d36748e639a45b2eb5270ef9dda052f959ad3564511f9565104a4f87d6ebc24cc4007a322b867652ec93ba6f94dd6a01dbbe273169a4e20fdb47c24d5be7e298b695cd7e78a82dd9a3ad7dfd696cca27baf83e15558b19887ed31700e579d726cf918709af283a709a42e7aee6315258d66e393ff523969bf0e8f59b37f26c03977fbb23d115c6836b4f239b04b61db74403c543f076281715f487fbb09ceefa55e85c9c291fbcda59038b0e13cbd8c415ad2927a5855604863e103767921ba90b995d771b793136c7eb26dfd5a8e64d6:0
[   69176ms] [ERROR] Loading the font 'https://k2mkucxia43oc7fa.public.blob.vercel-storage.com/front/fonts/space-mono/space-mono-v11-latin-regular.woff2' violates the following Content Security Policy directive: "font-src 'self' *.vercel.com *.gstatic.com vercel.live". The action has been blocked. @ https://vercel.com/new:0
[   69311ms] [LOG] %c
▲

 _____ _              _                    _   _             __
|_   _| |__   ___    / \   __ _  ___ _ __ | |_(_) ___       / /
  | | | '_ \ / _ \  / _ \ / _` |/ _ \ '_ \| __| |/ __|     / /
  | | | | | |  __/ / ___ \ (_| |  __/ | | | |_| | (__     /_/
  |_| |_| |_|\___|/_/   \_\__, |\___|_| |_|\__|_|\___|    (_)
                           |___/
 ___        __               _                   _                 _
|_ _|_ __  / _|_ __ __ _ ___| |_ _ __ _   _  ___| |_ _   _ _ __ ___
 | || '_ \| |_| '__/ _` / __| __| '__| | | |/ __| __| | | | '__/ _ \
 | || | | |  _| | | (_| \__ \ |_| |  | |_| | (__| |_| |_| | | |  __/
|___|_| |_|_| |_|  \__,_|___/\__|_|   \__,_|\___|\__|\__,_|_|  \___|
  

Hello!

- Open Source https://vercel.com/oss
- Careers https://vercel.com/careers
- Status https://vercel-status.com

 font-family: "Geist Mono", monospace; white-space: pre; line-height: 1; @ https://vercel.com/_next/static/chunks/2g0axoh_w9yfh.js?dpl=dpl_CeQVqkShYwugAeekgZqrDsg44Awb:78
[   70896ms] [WARNING] Deprecated API for given entry type. @ https://vercel.com/_next/static/chunks/1a7e-ig7xwiza.js?dpl=dpl_CeQVqkShYwugAeekgZqrDsg44Awb:18
[   78041ms] [WARNING] The resource https://vercel.com/_next/static/chunks/2aaop311sjbhb.css?dpl=dpl_CeQVqkShYwugAeekgZqrDsg44Awb was preloaded using link preload but not used within a few seconds from the window's load event. Please make sure it has an appropriate `as` value and it is preloaded intentionally. @ https://vercel.com/new:0
[   78041ms] [WARNING] The resource https://vercel.com/_next/static/chunks/0tv257fx586gu.css?dpl=dpl_CeQVqkShYwugAeekgZqrDsg44Awb was preloaded using link preload but not used within a few seconds from the window's load event. Please make sure it has an appropriate `as` value and it is preloaded intentionally. @ https://vercel.com/new:0
[   78041ms] [WARNING] The resource https://vercel.com/_next/static/chunks/3d792zqltro0t.css?dpl=dpl_CeQVqkShYwugAeekgZqrDsg44Awb was preloaded using link preload but not used within a few seconds from the window's load event. Please make sure it has an appropriate `as` value and it is preloaded intentionally. @ https://vercel.com/new:0
[   78041ms] [WARNING] The resource https://vercel.com/_next/static/chunks/0abkm_6n_8bff.css?dpl=dpl_CeQVqkShYwugAeekgZqrDsg44Awb was preloaded using link preload but not used within a few seconds from the window's load event. Please make sure it has an appropriate `as` value and it is preloaded intentionally. @ https://vercel.com/new:0
[   78041ms] [WARNING] The resource https://vercel.com/_next/static/chunks/17p90nyqj1xac.css?dpl=dpl_CeQVqkShYwugAeekgZqrDsg44Awb was preloaded using link preload but not used within a few seconds from the window's load event. Please make sure it has an appropriate `as` value and it is preloaded intentionally. @ https://vercel.com/new:0
[  100734ms] [WARNING] The resource https://vercel.com/_next/static/chunks/2aaop311sjbhb.css?dpl=dpl_CeQVqkShYwugAeekgZqrDsg44Awb was preloaded using link preload but not used within a few seconds from the window's load event. Please make sure it has an appropriate `as` value and it is preloaded intentionally. @ https://vercel.com/new:0
[  100734ms] [WARNING] The resource https://vercel.com/_next/static/chunks/0tv257fx586gu.css?dpl=dpl_CeQVqkShYwugAeekgZqrDsg44Awb was preloaded using link preload but not used within a few seconds from the window's load event. Please make sure it has an appropriate `as` value and it is preloaded intentionally. @ https://vercel.com/new:0
[  100734ms] [WARNING] The resource https://vercel.com/_next/static/chunks/3d792zqltro0t.css?dpl=dpl_CeQVqkShYwugAeekgZqrDsg44Awb was preloaded using link preload but not used within a few seconds from the window's load event. Please make sure it has an appropriate `as` value and it is preloaded intentionally. @ https://vercel.com/new:0
[  100734ms] [WARNING] The resource https://vercel.com/_next/static/chunks/0abkm_6n_8bff.css?dpl=dpl_CeQVqkShYwugAeekgZqrDsg44Awb was preloaded using link preload but not used within a few seconds from the window's load event. Please make sure it has an appropriate `as` value and it is preloaded intentionally. @ https://vercel.com/new:0
[  100734ms] [WARNING] The resource https://vercel.com/_next/static/chunks/17p90nyqj1xac.css?dpl=dpl_CeQVqkShYwugAeekgZqrDsg44Awb was preloaded using link preload but not used within a few seconds from the window's load event. Please make sure it has an appropriate `as` value and it is preloaded intentionally. @ https://vercel.com/new:0
