[    1357ms] [ERROR] Loading the font 'https://k2mkucxia43oc7fa.public.blob.vercel-storage.com/front/fonts/space-mono/space-mono-v11-latin-regular.woff2' violates the following Content Security Policy directive: "font-src 'self' vercel.com assets.vercel.com vercel.live fonts.gstatic.com *.vercel.sh". The action has been blocked. @ https://vercel.com/:2634
[    1360ms] [ERROR] Loading the font 'https://lishhsx6kmthaacj.public.blob.vercel-storage.com/fonts/dseg7classic-bold.counter.woff2' violates the following Content Security Policy directive: "font-src 'self' vercel.com assets.vercel.com vercel.live fonts.gstatic.com *.vercel.sh". The action has been blocked. @ https://vercel.com/:2634
[    3131ms] [LOG] %c
▲

    ________   _ __ _          ____           __
   /  _/ __/  (_) /( )_____   / __/___ ______/ /_
   / // /_   / / __/// ___/  / /_/ __ `/ ___/ __/
 _/ // __/  / / /_  (__  )  / __/ /_/ (__  ) /_
/___/_/    /_/\__/ /____/  /_/  \__,_/____/\__/
    _ __ _                         _    __                    __
   (_) /( )_____   ____  ____     | |  / /__  _____________  / /
  / / __/// ___/  / __ \/ __ \    | | / / _ \/ ___/ ___/ _ \/ /
 / / /_  (__  )  / /_/ / / / /    | |/ /  __/ /  / /__/  __/ /
/_/\__/ /____/   \____/_/ /_/     |___/\___/_/   \___/\___/_/
  

Hello!

- Open Source https://vercel.com/oss
- Careers https://vercel.com/careers
- Status https://vercel-status.com

 font-family: "Geist Mono", monospace; white-space: pre; line-height: 1; @ https://vercel.com/vc-ap-vercel-marketing/_next/static/immutable/chunks/40_wkoo486rnl.js:78
[    3323ms] [ERROR] Loading the image 'https://py8fhxnkzwtsqdo9.public.blob.vercel-storage.com/front/favicon/vercel/android-chrome-192x192.png' violates the following Content Security Policy directive: "img-src 'self' blob: data: *.github.io avatars.githubusercontent.com user-images.githubusercontent.com vercel.com vercel.live *.vercel.sh assets.vercel.com cdn.raster.app https://images.ctfassets.net https://www.google.com https://i.ytimg.com https://s3.amazonaws.com pbs.twimg.com https://www.gravatar.com https://lishhsx6kmthaacj.public.blob.vercel-storage.com". The action has been blocked. @ https://vercel.com/:0
[    3626ms] [WARNING] Error while trying to use the following icon from the Manifest: https://py8fhxnkzwtsqdo9.public.blob.vercel-storage.com/front/favicon/vercel/android-chrome-192x192.png (Download error or resource isn't a valid image) @ https://vercel.com/:0
[    4667ms] [ERROR] Failed to load resource: the server responded with a status of 403 () @ https://vercel.com/api/jwt:0
[    6701ms] [WARNING] Deprecated API for given entry type. @ https://vercel.com/vc-ap-vercel-marketing/_next/static/immutable/chunks/1s-f2pdno4p9t.js:18
[    8853ms] [ERROR] Loading the font 'https://k2mkucxia43oc7fa.public.blob.vercel-storage.com/front/fonts/space-mono/space-mono-v11-latin-regular.woff2' violates the following Content Security Policy directive: "font-src 'self' *.vercel.com *.gstatic.com vercel.live". The action has been blocked. @ https://vercel.com/login:0
[    8963ms] [LOG] %c
▲

__  __                                     _            __
\ \/ /___  __  __   _________ _____       (_)_  _______/ /_
 \  / __ \/ / / /  / ___/ __ `/ __ \     / / / / / ___/ __/
 / / /_/ / /_/ /  / /__/ /_/ / / / /    / / /_/ (__  ) /_
/_/\____/\__,_/   \___/\__,_/_/ /_/  __/ /\__,_/____/\__/
         __    _          __  __    /___/
   _____/ /_  (_)___     / /_/ /_  (_)___  ____ ______
  / ___/ __ \/ / __ \   / __/ __ \/ / __ \/ __ `/ ___/
 (__  ) / / / / /_/ /  / /_/ / / / / / / / /_/ (__  )
/____/_/ /_/_/ .___/   \__/_/ /_/_/_/ /_/\__, /____/
            /_/                         /____/
  

Hello!

- Open Source https://vercel.com/oss
- Careers https://vercel.com/careers
- Status https://vercel-status.com

 font-family: "Geist Mono", monospace; white-space: pre; line-height: 1; @ https://vercel.com/_next/static/chunks/2g0axoh_w9yfh.js?dpl=dpl_CeQVqkShYwugAeekgZqrDsg44Awb:78
[    9579ms] [WARNING] [GSI_LOGGER]: Your client application uses one of the Google One Tap prompt UI status methods that may stop functioning when FedCM becomes mandatory. Refer to the migration guide to update your code accordingly and opt-in to FedCM to test your changes. Learn more: https://developers.google.com/identity/gsi/web/guides/fedcm-migration?s=dc#display_moment and https://developers.google.com/identity/gsi/web/guides/fedcm-migration?s=dc#skipped_moment @ https://accounts.google.com/gsi/client:84
[    9615ms] [ERROR] Not signed in with the identity provider. @ https://vercel.com/login:0
[    9620ms] [ERROR] Failed to load resource: the server responded with a status of 403 () @ https://vercel.com/api/jwt:0
[    9832ms] [WARNING] Deprecated API for given entry type. @ https://vercel.com/_next/static/chunks/1a7e-ig7xwiza.js?dpl=dpl_CeQVqkShYwugAeekgZqrDsg44Awb:18
[   11030ms] [ERROR] [GSI_LOGGER]: FedCM get() rejects with AbortError: signal is aborted without reason @ https://vercel.com/_next/static/chunks/101r2c7j6i-hl.js?dpl=dpl_CeQVqkShYwugAeekgZqrDsg44Awb:1
[   11924ms] [VERBOSE] [DOM] Password field is not contained in a form: (More info: https://goo.gl/9p2vKq) %o @ https://accounts.google.com/v3/signin/identifier?opparams=%253F&dsh=S235890952%3A1779209448904407&client_id=258013614557-nema0dumfbottebi6to7aqi85qot9pvs.apps.googleusercontent.com&o2v=2&redirect_uri=https%3A%2F%2Fvercel.com%2Fapi%2Fregistration%2Fgoogle%2Fcallback&response_type=code&scope=openid+profile+email&service=lso&state=df8f29f7d62bec46bf80ba245667a38aa68caa7481b534e908953381b5a6b1321ce785244c9b103360c76c4311aee8379a3f7df8454ccbbb4657560146a510428502ee0fb0d68a84e7c5691dad946aee61f123d13a92ad1462d46a7d72767c911112b21e179767c7ce6a017215327c2c797e8cfd911df8609b99f5c060ec378a21be15e12eaea4f011286722b4ad5096604640792b1801c2b3bc6a946a74c619aaeba175d7f9cf358e2ecfada23dd4d10695521d7de5277307efd154dd10ee0f9763241c72ee96a6175e05cbfe10f7bac3ffa05c75e8a18945734af93f0800288f7087311f7d50942010ae3ae4c984ea382c879e7ad2af975e4fb6ccd324ae6177245c13d3ce39f711e904f85b6dc32a8d9c238bb51d4b778e&flowName=GeneralOAuthFlow&continue=https%3A%2F%2Faccounts.google.com%2Fsignin%2Foauth%2Fconsent%3Fauthuser%3Dunknown%26part%3DAJi8hAP9w3cfYcaB3rCKlF1LrLGR3hx8oS4gvno1b6CcTHdElQ9PC4xeJghBVtphOC4OgxTyNeVNMXYY-jvqUgrSOMA5UgiXWKmBUzAmBCAnllAnrbzUV4t5yeDCDRoXY4SFUSF95Kv10NEI5nWIRtDu9BA9r0TAo6SpodiMa_Vfa8gKqKAC8wy-sZ9Rb7KZEk9vqzcN40iuFqh9GaO8uWd5pRJ1PxLMORr4jVlZMOwYummujZKzCn8v4dPQd0b-DOOnuTv6HvE0bL8t_TDP6SttUoeMMKytRWEIOEIrG-DbDdT6gBW0DJHZLAXDnfwsrXm3PVMoOzqCnJU5tdxk-DvuoUveKl3vFby1AOgi5mtw3zzpJYi0O96I2nU18zdg__tgZ0wk3LMChPPjcYvwq_u7b2QG4Dg-YH_T939fPpQo-BDjEtZwey7X2vfgzSDqasi29A18BUL6eFshdOzR-2yJnJTNwgHXLA%26flowName%3DGeneralOAuthFlow%26as%3DS235890952%253A1779209448904407%26client_id%3D258013614557-nema0dumfbottebi6to7aqi85qot9pvs.apps.googleusercontent.com%26requestPath%3D%252Fsignin%252Foauth%252Fconsent%23&app_domain=https%3A%2F%2Fvercel.com&rart=ANgoxceJ74ot6RanTh0J18xv5vWnIvu2nMRzMVt_b5eMquuPzHS8iRZNxW8CHzM5VA8kPFN2GScGi25KpIbo-hG-R_1mIKO1I0Rko-4w0ZUoMNl3UCh6Ook:0
[   11938ms] [LOG] %c%s color: red; background: yellow; font-size: 24px; WARNING! @ https://www.gstatic.com/_/mss/boq-identity/_/js/k=boq-identity.AccountsSignInUi.en_US.alsf3k9Xrdw.es5.O/am=iW8AAACEQhQhA4D__38DAAggiA74ngVoAoQMAAAAAAAAAABYAgAAjQ/d=1/excm=_b,_tp,identifierview/ed=1/dg=0/wt=2/ujg=1/rs=AOaEmlE9idcfcp2CLGwKh2MoCbL3NJbPTw/dti=1/m=_b,_tp:545
[   11938ms] [LOG] %c%s font-size: 18px; Using this console may allow attackers to impersonate you and steal your information using an attack called Self-XSS.
Do not enter or paste code that you do not understand. @ https://www.gstatic.com/_/mss/boq-identity/_/js/k=boq-identity.AccountsSignInUi.en_US.alsf3k9Xrdw.es5.O/am=iW8AAACEQhQhA4D__38DAAggiA74ngVoAoQMAAAAAAAAAABYAgAAjQ/d=1/excm=_b,_tp,identifierview/ed=1/dg=0/wt=2/ujg=1/rs=AOaEmlE9idcfcp2CLGwKh2MoCbL3NJbPTw/dti=1/m=_b,_tp:545
